// Jest Snapshot v1, https://goo.gl/fbAQLP

exports[`Snapshot test Reset Button component 1`] = `
<View
  accessible={true}
  collapsable={false}
  focusable={true}
  nativeID="animatedComponent"
  onClick={[Function]}
  onResponderGrant={[Function]}
  onResponderMove={[Function]}
  onResponderRelease={[Function]}
  onResponderTerminate={[Function]}
  onResponderTerminationRequest={[Function]}
  onStartShouldSetResponder={[Function]}
  style={
    Object {
      "alignItems": "center",
      "backgroundColor": "#7c5295",
      "borderRadius": 6,
      "height": 50,
      "justifyContent": "center",
      "marginBottom": 25,
      "opacity": 1,
      "width": 50,
    }
  }
>
  <Image
    source={
      Object {
        "testUri": "../../../src/images/reset-arrow.png",
      }
    }
  />
</View>
`;
